2026-07-01 17:56:00 [restartedMain] INFO  o.s.b.w.e.tomcat.TomcatWebServer - Tomcat initialized with port(s): 8080 (http)
2026-07-01 17:56:00 [restartedMain] INFO  o.a.coyote.http11.Http11NioProtocol - Initializing ProtocolHandler ["http-nio-8080"]
2026-07-01 17:56:00 [restartedMain] INFO  o.a.catalina.core.StandardService - Starting service [Tomcat]
2026-07-01 17:56:00 [restartedMain] INFO  o.a.catalina.core.StandardEngine - Starting Servlet engine: [Apache Tomcat/9.0.80]
2026-07-01 17:56:00 [restartedMain] INFO  o.a.c.c.C.[Tomcat].[localhost].[/] - Initializing Spring embedded WebApplicationContext
2026-07-01 17:56:00 [restartedMain] INFO  o.s.b.w.s.c.ServletWebServerApplicationContext - Root WebApplicationContext: initialization completed in 1238 ms
2026-07-01 17:56:00 [cluster-ClusterId{value='6a450758074e4a6edf32e0c9', description='null'}-srv-cluster0.xcn9ki4.mongodb.net] INFO  org.mongodb.driver.cluster - Adding discovered server ac-joduuzb-shard-00-00.xcn9ki4.mongodb.net:27017 to client view of cluster
2026-07-01 17:56:00 [restartedMain] INFO  org.mongodb.driver.client - MongoClient with metadata {"driver": {"name": "mongo-java-driver|sync|spring-boot", "version": "4.6.1"}, "os": {"type": "Windows", "name": "Windows 11", "architecture": "amd64", "version": "10.0"}, "platform": "Java/Eclipse Adoptium/17.0.19+10", "application": {"name": "Cluster0"}} created with settings MongoClientSettings{readPreference=primary, writeConcern=WriteConcern{w=null, wTimeout=null ms, journal=null}, retryWrites=true, retryReads=true, readConcern=ReadConcern{level=null}, credential=MongoCredential{mechanism=null, userName='Testuser123', source='admin', password=<hidden>, mechanismProperties=<hidden>}, streamFactoryFactory=null, commandListeners=[], codecRegistry=ProvidersCodecRegistry{codecProviders=[ValueCodecProvider{}, BsonValueCodecProvider{}, DBRefCodecProvider{}, DBObjectCodecProvider{}, DocumentCodecProvider{}, IterableCodecProvider{}, MapCodecProvider{}, GeoJsonCodecProvider{}, GridFSFileCodecProvider{}, Jsr310CodecProvider{}, JsonObjectCodecProvider{}, BsonCodecProvider{}, EnumCodecProvider{}, com.mongodb.Jep395RecordCodecProvider@785614b7]}, clusterSettings={hosts=[127.0.0.1:27017], srvHost=cluster0.xcn9ki4.mongodb.net, srvServiceName=mongodb, mode=MULTIPLE, requiredClusterType=REPLICA_SET, requiredReplicaSetName='atlas-b3ifmg-shard-0', serverSelector='null', clusterListeners='[]', serverSelectionTimeout='30000 ms', localThreshold='30000 ms'}, socketSettings=SocketSettings{connectTimeoutMS=10000, readTimeoutMS=0, receiveBufferSize=0, sendBufferSize=0}, heartbeatSocketSettings=SocketSettings{connectTimeoutMS=10000, readTimeoutMS=10000, receiveBufferSize=0, sendBufferSize=0}, connectionPoolSettings=ConnectionPoolSettings{maxSize=100, minSize=0, maxWaitTimeMS=120000, maxConnectionLifeTimeMS=0, maxConnectionIdleTimeMS=0, maintenanceInitialDelayMS=0, maintenanceFrequencyMS=60000, connectionPoolListeners=[], maxConnecting=2}, serverSettings=ServerSettings{heartbeatFrequencyMS=10000, minHeartbeatFrequencyMS=500, serverListeners='[]', serverMonitorListeners='[]'}, sslSettings=SslSettings{enabled=true, invalidHostNameAllowed=false, context=null}, applicationName='Cluster0', compressorList=[], uuidRepresentation=JAVA_LEGACY, serverApi=null, autoEncryptionSettings=null, contextProvider=null}
2026-07-01 17:56:00 [cluster-ClusterId{value='6a450758074e4a6edf32e0c9', description='null'}-srv-cluster0.xcn9ki4.mongodb.net] INFO  org.mongodb.driver.cluster - Adding discovered server ac-joduuzb-shard-00-02.xcn9ki4.mongodb.net:27017 to client view of cluster
2026-07-01 17:56:00 [cluster-ClusterId{value='6a450758074e4a6edf32e0c9', description='null'}-srv-cluster0.xcn9ki4.mongodb.net] INFO  org.mongodb.driver.cluster - Adding discovered server ac-joduuzb-shard-00-01.xcn9ki4.mongodb.net:27017 to client view of cluster
2026-07-01 17:56:00 [restartedMain] INFO  o.s.b.d.a.OptionalLiveReloadServer - LiveReload server is running on port 35729
2026-07-01 17:56:00 [restartedMain] INFO  org.mongodb.driver.cluster - No server chosen by com.mongodb.client.internal.MongoClientDelegate$1@7481281c from cluster description ClusterDescription{type=REPLICA_SET, connectionMode=MULTIPLE, serverDescriptions=[ServerDescription{address=ac-joduuzb-shard-00-00.xcn9ki4.mongodb.net:27017, type=UNKNOWN, state=CONNECTING}, ServerDescription{address=ac-joduuzb-shard-00-02.xcn9ki4.mongodb.net:27017, type=UNKNOWN, state=CONNECTING}, ServerDescription{address=ac-joduuzb-shard-00-01.xcn9ki4.mongodb.net:27017, type=UNKNOWN, state=CONNECTING}]}. Waiting for 30000 ms before timing out
2026-07-01 17:56:00 [cluster-ClusterId{value='6a450758074e4a6edf32e0c9', description='null'}-ac-joduuzb-shard-00-00.xcn9ki4.mongodb.net:27017] INFO  org.mongodb.driver.connection - Opened connection [connectionId{localValue:1, serverValue:274908}] to ac-joduuzb-shard-00-00.xcn9ki4.mongodb.net:27017
2026-07-01 17:56:00 [cluster-ClusterId{value='6a450758074e4a6edf32e0c9', description='null'}-ac-joduuzb-shard-00-01.xcn9ki4.mongodb.net:27017] INFO  org.mongodb.driver.connection - Opened connection [connectionId{localValue:4, serverValue:272232}] to ac-joduuzb-shard-00-01.xcn9ki4.mongodb.net:27017
2026-07-01 17:56:00 [cluster-ClusterId{value='6a450758074e4a6edf32e0c9', description='null'}-ac-joduuzb-shard-00-02.xcn9ki4.mongodb.net:27017] INFO  org.mongodb.driver.connection - Opened connection [connectionId{localValue:2, serverValue:291028}] to ac-joduuzb-shard-00-02.xcn9ki4.mongodb.net:27017
2026-07-01 17:56:00 [cluster-rtt-ClusterId{value='6a450758074e4a6edf32e0c9', description='null'}-ac-joduuzb-shard-00-01.xcn9ki4.mongodb.net:27017] INFO  org.mongodb.driver.connection - Opened connection [connectionId{localValue:5, serverValue:272243}] to ac-joduuzb-shard-00-01.xcn9ki4.mongodb.net:27017
2026-07-01 17:56:00 [cluster-rtt-ClusterId{value='6a450758074e4a6edf32e0c9', description='null'}-ac-joduuzb-shard-00-00.xcn9ki4.mongodb.net:27017] INFO  org.mongodb.driver.connection - Opened connection [connectionId{localValue:6, serverValue:274892}] to ac-joduuzb-shard-00-00.xcn9ki4.mongodb.net:27017
2026-07-01 17:56:00 [cluster-rtt-ClusterId{value='6a450758074e4a6edf32e0c9', description='null'}-ac-joduuzb-shard-00-02.xcn9ki4.mongodb.net:27017] INFO  org.mongodb.driver.connection - Opened connection [connectionId{localValue:3, serverValue:291350}] to ac-joduuzb-shard-00-02.xcn9ki4.mongodb.net:27017
2026-07-01 17:56:00 [cluster-ClusterId{value='6a450758074e4a6edf32e0c9', description='null'}-ac-joduuzb-shard-00-00.xcn9ki4.mongodb.net:27017] INFO  org.mongodb.driver.cluster - Monitor thread successfully connected to server with description ServerDescription{address=ac-joduuzb-shard-00-00.xcn9ki4.mongodb.net:27017, type=REPLICA_SET_SECONDARY, state=CONNECTED, ok=true, minWireVersion=0, maxWireVersion=25, maxDocumentSize=16777216, logicalSessionTimeoutMinutes=30, roundTripTimeNanos=236952700, setName='atlas-b3ifmg-shard-0', canonicalAddress=ac-joduuzb-shard-00-00.xcn9ki4.mongodb.net:27017, hosts=[ac-joduuzb-shard-00-00.xcn9ki4.mongodb.net:27017, ac-joduuzb-shard-00-02.xcn9ki4.mongodb.net:27017, ac-joduuzb-shard-00-01.xcn9ki4.mongodb.net:27017], passives=[], arbiters=[], primary='ac-joduuzb-shard-00-02.xcn9ki4.mongodb.net:27017', tagSet=TagSet{[Tag{name='availabilityZone', value='aps1-az1'}, Tag{name='cacheState', value='READY'}, Tag{name='diskState', value='READY'}, Tag{name='nodeType', value='ELECTABLE'}, Tag{name='provider', value='AWS'}, Tag{name='region', value='AP_SOUTH_1'}, Tag{name='workloadType', value='OPERATIONAL'}]}, electionId=null, setVersion=315, topologyVersion=TopologyVersion{processId=6a3bd535e0259c3a4d1b9e15, counter=4}, lastWriteDate=Wed Jul 01 17:56:00 IST 2026, lastUpdateTimeNanos=506105645393800}
2026-07-01 17:56:00 [cluster-ClusterId{value='6a450758074e4a6edf32e0c9', description='null'}-ac-joduuzb-shard-00-02.xcn9ki4.mongodb.net:27017] INFO  org.mongodb.driver.cluster - Monitor thread successfully connected to server with description ServerDescription{address=ac-joduuzb-shard-00-02.xcn9ki4.mongodb.net:27017, type=REPLICA_SET_PRIMARY, state=CONNECTED, ok=true, minWireVersion=0, maxWireVersion=25, maxDocumentSize=16777216, logicalSessionTimeoutMinutes=30, roundTripTimeNanos=237005600, setName='atlas-b3ifmg-shard-0', canonicalAddress=ac-joduuzb-shard-00-02.xcn9ki4.mongodb.net:27017, hosts=[ac-joduuzb-shard-00-00.xcn9ki4.mongodb.net:27017, ac-joduuzb-shard-00-02.xcn9ki4.mongodb.net:27017, ac-joduuzb-shard-00-01.xcn9ki4.mongodb.net:27017], passives=[], arbiters=[], primary='ac-joduuzb-shard-00-02.xcn9ki4.mongodb.net:27017', tagSet=TagSet{[Tag{name='availabilityZone', value='aps1-az2'}, Tag{name='cacheState', value='READY'}, Tag{name='diskState', value='READY'}, Tag{name='nodeType', value='ELECTABLE'}, Tag{name='provider', value='AWS'}, Tag{name='region', value='AP_SOUTH_1'}, Tag{name='workloadType', value='OPERATIONAL'}]}, electionId=7fffffff0000000000000159, setVersion=315, topologyVersion=TopologyVersion{processId=6a3bd58fc110e0421151150c, counter=6}, lastWriteDate=Wed Jul 01 17:56:00 IST 2026, lastUpdateTimeNanos=506105645449700}
2026-07-01 17:56:00 [cluster-ClusterId{value='6a450758074e4a6edf32e0c9', description='null'}-ac-joduuzb-shard-00-01.xcn9ki4.mongodb.net:27017] INFO  org.mongodb.driver.cluster - Monitor thread successfully connected to server with description ServerDescription{address=ac-joduuzb-shard-00-01.xcn9ki4.mongodb.net:27017, type=REPLICA_SET_SECONDARY, state=CONNECTED, ok=true, minWireVersion=0, maxWireVersion=25, maxDocumentSize=16777216, logicalSessionTimeoutMinutes=30, roundTripTimeNanos=236962500, setName='atlas-b3ifmg-shard-0', canonicalAddress=ac-joduuzb-shard-00-01.xcn9ki4.mongodb.net:27017, hosts=[ac-joduuzb-shard-00-00.xcn9ki4.mongodb.net:27017, ac-joduuzb-shard-00-02.xcn9ki4.mongodb.net:27017, ac-joduuzb-shard-00-01.xcn9ki4.mongodb.net:27017], passives=[], arbiters=[], primary='ac-joduuzb-shard-00-02.xcn9ki4.mongodb.net:27017', tagSet=TagSet{[Tag{name='availabilityZone', value='aps1-az3'}, Tag{name='cacheState', value='READY'}, Tag{name='diskState', value='READY'}, Tag{name='nodeType', value='ELECTABLE'}, Tag{name='provider', value='AWS'}, Tag{name='region', value='AP_SOUTH_1'}, Tag{name='workloadType', value='OPERATIONAL'}]}, electionId=null, setVersion=315, topologyVersion=TopologyVersion{processId=6a3bd5e42db70a8b83c8f46c, counter=3}, lastWriteDate=Wed Jul 01 17:56:00 IST 2026, lastUpdateTimeNanos=506105645467900}
2026-07-01 17:56:00 [cluster-ClusterId{value='6a450758074e4a6edf32e0c9', description='null'}-ac-joduuzb-shard-00-02.xcn9ki4.mongodb.net:27017] INFO  org.mongodb.driver.cluster - Setting max election id to 7fffffff0000000000000159 from replica set primary ac-joduuzb-shard-00-02.xcn9ki4.mongodb.net:27017
2026-07-01 17:56:00 [cluster-ClusterId{value='6a450758074e4a6edf32e0c9', description='null'}-ac-joduuzb-shard-00-02.xcn9ki4.mongodb.net:27017] INFO  org.mongodb.driver.cluster - Setting max set version to 315 from replica set primary ac-joduuzb-shard-00-02.xcn9ki4.mongodb.net:27017
2026-07-01 17:56:00 [cluster-ClusterId{value='6a450758074e4a6edf32e0c9', description='null'}-ac-joduuzb-shard-00-02.xcn9ki4.mongodb.net:27017] INFO  org.mongodb.driver.cluster - Discovered replica set primary ac-joduuzb-shard-00-02.xcn9ki4.mongodb.net:27017
2026-07-01 17:56:01 [restartedMain] INFO  org.mongodb.driver.connection - Opened connection [connectionId{localValue:7, serverValue:291486}] to ac-joduuzb-shard-00-02.xcn9ki4.mongodb.net:27017
2026-07-01 17:56:01 [restartedMain] INFO  o.s.s.web.DefaultSecurityFilterChain - Will secure any request with [org.springframework.security.web.session.DisableEncodeUrlFilter@620db89e, org.springframework.security.web.context.request.async.WebAsyncManagerIntegrationFilter@371e3b77, org.springframework.security.web.context.SecurityContextPersistenceFilter@4b8de319, org.springframework.security.web.header.HeaderWriterFilter@21cc705d, org.springframework.security.web.authentication.logout.LogoutFilter@565e25b4, org.springframework.security.web.authentication.www.BasicAuthenticationFilter@55175527, org.springframework.security.web.savedrequest.RequestCacheAwareFilter@13dd5265, org.springframework.security.web.servletapi.SecurityContextHolderAwareRequestFilter@2853ee4f, org.springframework.security.web.authentication.AnonymousAuthenticationFilter@28c12fd9, org.springframework.security.web.session.SessionManagementFilter@7e8012fd, org.springframework.security.web.access.ExceptionTranslationFilter@6c7cb854, org.springframework.security.web.access.intercept.FilterSecurityInterceptor@321f568c]
2026-07-01 17:56:01 [restartedMain] INFO  o.a.coyote.http11.Http11NioProtocol - Starting ProtocolHandler ["http-nio-8080"]
2026-07-01 17:56:01 [restartedMain] INFO  o.s.b.w.e.tomcat.TomcatWebServer - Tomcat started on port(s): 8080 (http) with context path ''
2026-07-01 17:56:01 [restartedMain] INFO  org.example.Journalapplication - Started Journalapplication in 4.756 seconds (JVM running for 5.363)
2026-07-01 17:56:15 [http-nio-8080-exec-2] INFO  o.a.c.c.C.[Tomcat].[localhost].[/] - Initializing Spring DispatcherServlet 'dispatcherServlet'
2026-07-01 17:56:15 [http-nio-8080-exec-2] INFO  o.s.web.servlet.DispatcherServlet - Initializing Servlet 'dispatcherServlet'
2026-07-01 17:56:15 [http-nio-8080-exec-2] INFO  o.s.web.servlet.DispatcherServlet - Completed initialization in 2 ms
2026-07-01 17:56:17 [http-nio-8080-exec-2] ERROR org.example.Service.RedisService - Cannot invoke "Object.toString()" because "o" is null
java.lang.NullPointerException: Cannot invoke "Object.toString()" because "o" is null
	at org.example.Service.RedisService.get(RedisService.java:21)
	at org.example.Service.Weatherservice.getWeather(Weatherservice.java:23)
	at org.example.controller.UserController.Greeting(UserController.java:48)
	at java.base/jdk.internal.reflect.NativeMethodAccessorImpl.invoke0(Native Method)
	at java.base/jdk.internal.reflect.NativeMethodAccessorImpl.invoke(NativeMethodAccessorImpl.java:77)
	at java.base/jdk.internal.reflect.DelegatingMethodAccessorImpl.invoke(DelegatingMethodAccessorImpl.java:43)
	at java.base/java.lang.reflect.Method.invoke(Method.java:569)
	at org.springframework.web.method.support.InvocableHandlerMethod.doInvoke(InvocableHandlerMethod.java:205)
	at org.springframework.web.method.support.InvocableHandlerMethod.invokeForRequest(InvocableHandlerMethod.java:150)
	at org.springframework.web.servlet.mvc.method.annotation.ServletInvocableHandlerMethod.invokeAndHandle(ServletInvocableHandlerMethod.java:117)
	at org.springframework.web.servlet.mvc.method.annotation.RequestMappingHandlerAdapter.invokeHandlerMethod(RequestMappingHandlerAdapter.java:895)
	at org.springframework.web.servlet.mvc.method.annotation.RequestMappingHandlerAdapter.handleInternal(RequestMappingHandlerAdapter.java:808)
	at org.springframework.web.servlet.mvc.method.AbstractHandlerMethodAdapter.handle(AbstractHandlerMethodAdapter.java:87)
	at org.springframework.web.servlet.DispatcherServlet.doDispatch(DispatcherServlet.java:1072)
	at org.springframework.web.servlet.DispatcherServlet.doService(DispatcherServlet.java:965)
	at org.springframework.web.servlet.FrameworkServlet.processRequest(FrameworkServlet.java:1006)
	at org.springframework.web.servlet.FrameworkServlet.doGet(FrameworkServlet.java:898)
	at javax.servlet.http.HttpServlet.service(HttpServlet.java:529)
	at org.springframework.web.servlet.FrameworkServlet.service(FrameworkServlet.java:883)
	at javax.servlet.http.HttpServlet.service(HttpServlet.java:623)
	at org.apache.catalina.core.ApplicationFilterChain.internalDoFilter(ApplicationFilterChain.java:209)
	at org.apache.catalina.core.ApplicationFilterChain.doFilter(ApplicationFilterChain.java:153)
	at org.apache.tomcat.websocket.server.WsFilter.doFilter(WsFilter.java:51)
	at org.apache.catalina.core.ApplicationFilterChain.internalDoFilter(ApplicationFilterChain.java:178)
	at org.apache.catalina.core.ApplicationFilterChain.doFilter(ApplicationFilterChain.java:153)
	at org.springframework.security.web.FilterChainProxy$VirtualFilterChain.doFilter(FilterChainProxy.java:337)
	at org.springframework.security.web.access.intercept.FilterSecurityInterceptor.invoke(FilterSecurityInterceptor.java:115)
	at org.springframework.security.web.access.intercept.FilterSecurityInterceptor.doFilter(FilterSecurityInterceptor.java:81)
	at org.springframework.security.web.FilterChainProxy$VirtualFilterChain.doFilter(FilterChainProxy.java:346)
	at org.springframework.security.web.access.ExceptionTranslationFilter.doFilter(ExceptionTranslationFilter.java:122)
	at org.springframework.security.web.access.ExceptionTranslationFilter.doFilter(ExceptionTranslationFilter.java:116)
	at org.springframework.security.web.FilterChainProxy$VirtualFilterChain.doFilter(FilterChainProxy.java:346)
	at org.springframework.security.web.session.SessionManagementFilter.doFilter(SessionManagementFilter.java:126)
	at org.springframework.security.web.session.SessionManagementFilter.doFilter(SessionManagementFilter.java:81)
	at org.springframework.security.web.FilterChainProxy$VirtualFilterChain.doFilter(FilterChainProxy.java:346)
	at org.springframework.security.web.authentication.AnonymousAuthenticationFilter.doFilter(AnonymousAuthenticationFilter.java:109)
	at org.springframework.security.web.FilterChainProxy$VirtualFilterChain.doFilter(FilterChainProxy.java:346)
	at org.springframework.security.web.servletapi.SecurityContextHolderAwareRequestFilter.doFilter(SecurityContextHolderAwareRequestFilter.java:149)
	at org.springframework.security.web.FilterChainProxy$VirtualFilterChain.doFilter(FilterChainProxy.java:346)
	at org.springframework.security.web.savedrequest.RequestCacheAwareFilter.doFilter(RequestCacheAwareFilter.java:63)
	at org.springframework.security.web.FilterChainProxy$VirtualFilterChain.doFilter(FilterChainProxy.java:346)
	at org.springframework.security.web.authentication.www.BasicAuthenticationFilter.doFilterInternal(BasicAuthenticationFilter.java:196)
	at org.springframework.web.filter.OncePerRequestFilter.doFilter(OncePerRequestFilter.java:117)
	at org.springframework.security.web.FilterChainProxy$VirtualFilterChain.doFilter(FilterChainProxy.java:346)
	at org.springframework.security.web.authentication.logout.LogoutFilter.doFilter(LogoutFilter.java:103)
	at org.springframework.security.web.authentication.logout.LogoutFilter.doFilter(LogoutFilter.java:89)
	at org.springframework.security.web.FilterChainProxy$VirtualFilterChain.doFilter(FilterChainProxy.java:346)
	at org.springframework.security.web.header.HeaderWriterFilter.doHeadersAfter(HeaderWriterFilter.java:90)
	at org.springframework.security.web.header.HeaderWriterFilter.doFilterInternal(HeaderWriterFilter.java:75)
	at org.springframework.web.filter.OncePerRequestFilter.doFilter(OncePerRequestFilter.java:117)
	at org.springframework.security.web.FilterChainProxy$VirtualFilterChain.doFilter(FilterChainProxy.java:346)
	at org.springframework.security.web.context.SecurityContextPersistenceFilter.doFilter(SecurityContextPersistenceFilter.java:112)
	at org.springframework.security.web.context.SecurityContextPersistenceFilter.doFilter(SecurityContextPersistenceFilter.java:82)
	at org.springframework.security.web.FilterChainProxy$VirtualFilterChain.doFilter(FilterChainProxy.java:346)
	at org.springframework.security.web.context.request.async.WebAsyncManagerIntegrationFilter.doFilterInternal(WebAsyncManagerIntegrationFilter.java:55)
	at org.springframework.web.filter.OncePerRequestFilter.doFilter(OncePerRequestFilter.java:117)
	at org.springframework.security.web.FilterChainProxy$VirtualFilterChain.doFilter(FilterChainProxy.java:346)
	at org.springframework.security.web.session.DisableEncodeUrlFilter.doFilterInternal(DisableEncodeUrlFilter.java:42)
	at org.springframework.web.filter.OncePerRequestFilter.doFilter(OncePerRequestFilter.java:117)
	at org.springframework.security.web.FilterChainProxy$VirtualFilterChain.doFilter(FilterChainProxy.java:346)
	at org.springframework.security.web.FilterChainProxy.doFilterInternal(FilterChainProxy.java:221)
	at org.springframework.security.web.FilterChainProxy.doFilter(FilterChainProxy.java:186)
	at org.springframework.web.filter.DelegatingFilterProxy.invokeDelegate(DelegatingFilterProxy.java:354)
	at org.springframework.web.filter.DelegatingFilterProxy.doFilter(DelegatingFilterProxy.java:267)
	at org.apache.catalina.core.ApplicationFilterChain.internalDoFilter(ApplicationFilterChain.java:178)
	at org.apache.catalina.core.ApplicationFilterChain.doFilter(ApplicationFilterChain.java:153)
	at org.springframework.web.filter.RequestContextFilter.doFilterInternal(RequestContextFilter.java:100)
	at org.springframework.web.filter.OncePerRequestFilter.doFilter(OncePerRequestFilter.java:117)
	at org.apache.catalina.core.ApplicationFilterChain.internalDoFilter(ApplicationFilterChain.java:178)
	at org.apache.catalina.core.ApplicationFilterChain.doFilter(ApplicationFilterChain.java:153)
	at org.springframework.web.filter.FormContentFilter.doFilterInternal(FormContentFilter.java:93)
	at org.springframework.web.filter.OncePerRequestFilter.doFilter(OncePerRequestFilter.java:117)
	at org.apache.catalina.core.ApplicationFilterChain.internalDoFilter(ApplicationFilterChain.java:178)
	at org.apache.catalina.core.ApplicationFilterChain.doFilter(ApplicationFilterChain.java:153)
	at org.springframework.web.filter.CharacterEncodingFilter.doFilterInternal(CharacterEncodingFilter.java:201)
	at org.springframework.web.filter.OncePerRequestFilter.doFilter(OncePerRequestFilter.java:117)
	at org.apache.catalina.core.ApplicationFilterChain.internalDoFilter(ApplicationFilterChain.java:178)
	at org.apache.catalina.core.ApplicationFilterChain.doFilter(ApplicationFilterChain.java:153)
	at org.apache.catalina.core.StandardWrapperValve.invoke(StandardWrapperValve.java:168)
	at org.apache.catalina.core.StandardContextValve.invoke(StandardContextValve.java:90)
	at org.apache.catalina.authenticator.AuthenticatorBase.invoke(AuthenticatorBase.java:481)
	at org.apache.catalina.core.StandardHostValve.invoke(StandardHostValve.java:130)
	at org.apache.catalina.valves.ErrorReportValve.invoke(ErrorReportValve.java:93)
	at org.apache.catalina.core.StandardEngineValve.invoke(StandardEngineValve.java:74)
	at org.apache.catalina.connector.CoyoteAdapter.service(CoyoteAdapter.java:343)
	at org.apache.coyote.http11.Http11Processor.service(Http11Processor.java:390)
	at org.apache.coyote.AbstractProcessorLight.process(AbstractProcessorLight.java:63)
	at org.apache.coyote.AbstractProtocol$ConnectionHandler.process(AbstractProtocol.java:926)
	at org.apache.tomcat.util.net.NioEndpoint$SocketProcessor.doRun(NioEndpoint.java:1790)
	at org.apache.tomcat.util.net.SocketProcessorBase.run(SocketProcessorBase.java:52)
	at org.apache.tomcat.util.threads.ThreadPoolExecutor.runWorker(ThreadPoolExecutor.java:1191)
	at org.apache.tomcat.util.threads.ThreadPoolExecutor$Worker.run(ThreadPoolExecutor.java:659)
	at org.apache.tomcat.util.threads.TaskThread$WrappingRunnable.run(TaskThread.java:61)
	at java.base/java.lang.Thread.run(Thread.java:840)
