2026-06-22 18:50:21 [cluster-rtt-ClusterId{value='6a392fc22c25e71eface52a8', description='null'}-ac-joduuzb-shard-00-01.xcn9ki4.mongodb.net:27017] INFO  org.mongodb.driver.connection - Opened connection [connectionId{localValue:9, serverValue:317669}] to ac-joduuzb-shard-00-01.xcn9ki4.mongodb.net:27017
2026-06-22 18:50:21 [cluster-rtt-ClusterId{value='6a392fc22c25e71eface52a8', description='null'}-ac-joduuzb-shard-00-00.xcn9ki4.mongodb.net:27017] INFO  org.mongodb.driver.connection - Opened connection [connectionId{localValue:8, serverValue:282599}] to ac-joduuzb-shard-00-00.xcn9ki4.mongodb.net:27017
2026-06-22 18:50:21 [cluster-rtt-ClusterId{value='6a392fc22c25e71eface52a8', description='null'}-ac-joduuzb-shard-00-02.xcn9ki4.mongodb.net:27017] INFO  org.mongodb.driver.connection - Opened connection [connectionId{localValue:10, serverValue:275936}] to ac-joduuzb-shard-00-02.xcn9ki4.mongodb.net:27017
2026-06-22 18:50:31 [cluster-ClusterId{value='6a392fc22c25e71eface52a8', description='null'}-ac-joduuzb-shard-00-00.xcn9ki4.mongodb.net:27017] INFO  org.mongodb.driver.cluster - Exception in monitor thread while connecting to server ac-joduuzb-shard-00-00.xcn9ki4.mongodb.net:27017
com.mongodb.MongoSocketReadTimeoutException: Timeout while receiving message
	at com.mongodb.internal.connection.InternalStreamConnection.translateReadException(InternalStreamConnection.java:696)
	at com.mongodb.internal.connection.InternalStreamConnection.receiveMessageWithAdditionalTimeout(InternalStreamConnection.java:574)
	at com.mongodb.internal.connection.InternalStreamConnection.receiveCommandMessageResponse(InternalStreamConnection.java:410)
	at com.mongodb.internal.connection.InternalStreamConnection.receive(InternalStreamConnection.java:369)
	at com.mongodb.internal.connection.DefaultServerMonitor$ServerMonitorRunnable.lookupServerDescription(DefaultServerMonitor.java:221)
	at com.mongodb.internal.connection.DefaultServerMonitor$ServerMonitorRunnable.run(DefaultServerMonitor.java:157)
	at java.base/java.lang.Thread.run(Thread.java:840)
Caused by: java.net.SocketTimeoutException: Read timed out
	at java.base/sun.nio.ch.NioSocketImpl.timedRead(NioSocketImpl.java:288)
	at java.base/sun.nio.ch.NioSocketImpl.implRead(NioSocketImpl.java:314)
	at java.base/sun.nio.ch.NioSocketImpl.read(NioSocketImpl.java:355)
	at java.base/sun.nio.ch.NioSocketImpl$1.read(NioSocketImpl.java:808)
	at java.base/java.net.Socket$SocketInputStream.read(Socket.java:966)
	at java.base/sun.security.ssl.SSLSocketInputRecord.read(SSLSocketInputRecord.java:484)
	at java.base/sun.security.ssl.SSLSocketInputRecord.readHeader(SSLSocketInputRecord.java:478)
	at java.base/sun.security.ssl.SSLSocketInputRecord.bytesInCompletePacket(SSLSocketInputRecord.java:70)
	at java.base/sun.security.ssl.SSLSocketImpl.readApplicationRecord(SSLSocketImpl.java:1464)
	at java.base/sun.security.ssl.SSLSocketImpl$AppInputStream.read(SSLSocketImpl.java:1069)
	at com.mongodb.internal.connection.SocketStream.read(SocketStream.java:110)
	at com.mongodb.internal.connection.SocketStream.read(SocketStream.java:135)
	at com.mongodb.internal.connection.InternalStreamConnection.receiveResponseBuffers(InternalStreamConnection.java:713)
	at com.mongodb.internal.connection.InternalStreamConnection.receiveMessageWithAdditionalTimeout(InternalStreamConnection.java:571)
	... 5 common frames omitted
2026-06-22 18:50:31 [cluster-ClusterId{value='6a392fc22c25e71eface52a8', description='null'}-ac-joduuzb-shard-00-01.xcn9ki4.mongodb.net:27017] INFO  org.mongodb.driver.cluster - Exception in monitor thread while connecting to server ac-joduuzb-shard-00-01.xcn9ki4.mongodb.net:27017
com.mongodb.MongoSocketReadTimeoutException: Timeout while receiving message
	at com.mongodb.internal.connection.InternalStreamConnection.translateReadException(InternalStreamConnection.java:696)
	at com.mongodb.internal.connection.InternalStreamConnection.receiveMessageWithAdditionalTimeout(InternalStreamConnection.java:574)
	at com.mongodb.internal.connection.InternalStreamConnection.receiveCommandMessageResponse(InternalStreamConnection.java:410)
	at com.mongodb.internal.connection.InternalStreamConnection.receive(InternalStreamConnection.java:369)
	at com.mongodb.internal.connection.DefaultServerMonitor$ServerMonitorRunnable.lookupServerDescription(DefaultServerMonitor.java:221)
	at com.mongodb.internal.connection.DefaultServerMonitor$ServerMonitorRunnable.run(DefaultServerMonitor.java:157)
	at java.base/java.lang.Thread.run(Thread.java:840)
Caused by: java.net.SocketTimeoutException: Read timed out
	at java.base/sun.nio.ch.NioSocketImpl.timedRead(NioSocketImpl.java:288)
	at java.base/sun.nio.ch.NioSocketImpl.implRead(NioSocketImpl.java:314)
	at java.base/sun.nio.ch.NioSocketImpl.read(NioSocketImpl.java:355)
	at java.base/sun.nio.ch.NioSocketImpl$1.read(NioSocketImpl.java:808)
	at java.base/java.net.Socket$SocketInputStream.read(Socket.java:966)
	at java.base/sun.security.ssl.SSLSocketInputRecord.read(SSLSocketInputRecord.java:484)
	at java.base/sun.security.ssl.SSLSocketInputRecord.readHeader(SSLSocketInputRecord.java:478)
	at java.base/sun.security.ssl.SSLSocketInputRecord.bytesInCompletePacket(SSLSocketInputRecord.java:70)
	at java.base/sun.security.ssl.SSLSocketImpl.readApplicationRecord(SSLSocketImpl.java:1464)
	at java.base/sun.security.ssl.SSLSocketImpl$AppInputStream.read(SSLSocketImpl.java:1069)
	at com.mongodb.internal.connection.SocketStream.read(SocketStream.java:110)
	at com.mongodb.internal.connection.SocketStream.read(SocketStream.java:135)
	at com.mongodb.internal.connection.InternalStreamConnection.receiveResponseBuffers(InternalStreamConnection.java:713)
	at com.mongodb.internal.connection.InternalStreamConnection.receiveMessageWithAdditionalTimeout(InternalStreamConnection.java:571)
	... 5 common frames omitted
2026-06-22 18:50:31 [cluster-ClusterId{value='6a392fc22c25e71eface52a8', description='null'}-ac-joduuzb-shard-00-02.xcn9ki4.mongodb.net:27017] INFO  org.mongodb.driver.cluster - Exception in monitor thread while connecting to server ac-joduuzb-shard-00-02.xcn9ki4.mongodb.net:27017
com.mongodb.MongoSocketReadTimeoutException: Timeout while receiving message
	at com.mongodb.internal.connection.InternalStreamConnection.translateReadException(InternalStreamConnection.java:696)
	at com.mongodb.internal.connection.InternalStreamConnection.receiveMessageWithAdditionalTimeout(InternalStreamConnection.java:574)
	at com.mongodb.internal.connection.InternalStreamConnection.receiveCommandMessageResponse(InternalStreamConnection.java:410)
	at com.mongodb.internal.connection.InternalStreamConnection.receive(InternalStreamConnection.java:369)
	at com.mongodb.internal.connection.DefaultServerMonitor$ServerMonitorRunnable.lookupServerDescription(DefaultServerMonitor.java:221)
	at com.mongodb.internal.connection.DefaultServerMonitor$ServerMonitorRunnable.run(DefaultServerMonitor.java:157)
	at java.base/java.lang.Thread.run(Thread.java:840)
Caused by: java.net.SocketTimeoutException: Read timed out
	at java.base/sun.nio.ch.NioSocketImpl.timedRead(NioSocketImpl.java:288)
	at java.base/sun.nio.ch.NioSocketImpl.implRead(NioSocketImpl.java:314)
	at java.base/sun.nio.ch.NioSocketImpl.read(NioSocketImpl.java:355)
	at java.base/sun.nio.ch.NioSocketImpl$1.read(NioSocketImpl.java:808)
	at java.base/java.net.Socket$SocketInputStream.read(Socket.java:966)
	at java.base/sun.security.ssl.SSLSocketInputRecord.read(SSLSocketInputRecord.java:484)
	at java.base/sun.security.ssl.SSLSocketInputRecord.readHeader(SSLSocketInputRecord.java:478)
	at java.base/sun.security.ssl.SSLSocketInputRecord.bytesInCompletePacket(SSLSocketInputRecord.java:70)
	at java.base/sun.security.ssl.SSLSocketImpl.readApplicationRecord(SSLSocketImpl.java:1464)
	at java.base/sun.security.ssl.SSLSocketImpl$AppInputStream.read(SSLSocketImpl.java:1069)
	at com.mongodb.internal.connection.SocketStream.read(SocketStream.java:110)
	at com.mongodb.internal.connection.SocketStream.read(SocketStream.java:135)
	at com.mongodb.internal.connection.InternalStreamConnection.receiveResponseBuffers(InternalStreamConnection.java:713)
	at com.mongodb.internal.connection.InternalStreamConnection.receiveMessageWithAdditionalTimeout(InternalStreamConnection.java:571)
	... 5 common frames omitted
2026-06-22 18:50:31 [cluster-ClusterId{value='6a392fc22c25e71eface52a8', description='null'}-ac-joduuzb-shard-00-00.xcn9ki4.mongodb.net:27017] INFO  org.mongodb.driver.connection - Opened connection [connectionId{localValue:11, serverValue:282603}] to ac-joduuzb-shard-00-00.xcn9ki4.mongodb.net:27017
2026-06-22 18:50:31 [cluster-ClusterId{value='6a392fc22c25e71eface52a8', description='null'}-ac-joduuzb-shard-00-01.xcn9ki4.mongodb.net:27017] INFO  org.mongodb.driver.connection - Opened connection [connectionId{localValue:12, serverValue:317847}] to ac-joduuzb-shard-00-01.xcn9ki4.mongodb.net:27017
2026-06-22 18:50:31 [cluster-ClusterId{value='6a392fc22c25e71eface52a8', description='null'}-ac-joduuzb-shard-00-00.xcn9ki4.mongodb.net:27017] INFO  org.mongodb.driver.cluster - Monitor thread successfully connected to server with description ServerDescription{address=ac-joduuzb-shard-00-00.xcn9ki4.mongodb.net:27017, type=REPLICA_SET_SECONDARY, state=CONNECTED, ok=true, minWireVersion=0, maxWireVersion=25, maxDocumentSize=16777216, logicalSessionTimeoutMinutes=30, roundTripTimeNanos=57831600, setName='atlas-b3ifmg-shard-0', canonicalAddress=ac-joduuzb-shard-00-00.xcn9ki4.mongodb.net:27017, hosts=[ac-joduuzb-shard-00-00.xcn9ki4.mongodb.net:27017, ac-joduuzb-shard-00-02.xcn9ki4.mongodb.net:27017, ac-joduuzb-shard-00-01.xcn9ki4.mongodb.net:27017], passives=[], arbiters=[], primary='ac-joduuzb-shard-00-01.xcn9ki4.mongodb.net:27017', tagSet=TagSet{[Tag{name='availabilityZone', value='aps1-az1'}, Tag{name='cacheState', value='READY'}, Tag{name='diskState', value='READY'}, Tag{name='nodeType', value='ELECTABLE'}, Tag{name='provider', value='AWS'}, Tag{name='region', value='AP_SOUTH_1'}, Tag{name='workloadType', value='OPERATIONAL'}]}, electionId=null, setVersion=315, topologyVersion=TopologyVersion{processId=6a32f0ebc243ae9733778601, counter=4}, lastWriteDate=Mon Jun 22 18:50:31 IST 2026, lastUpdateTimeNanos=880400990397300}
2026-06-22 18:50:31 [cluster-ClusterId{value='6a392fc22c25e71eface52a8', description='null'}-ac-joduuzb-shard-00-01.xcn9ki4.mongodb.net:27017] INFO  org.mongodb.driver.cluster - Monitor thread successfully connected to server with description ServerDescription{address=ac-joduuzb-shard-00-01.xcn9ki4.mongodb.net:27017, type=REPLICA_SET_PRIMARY, state=CONNECTED, ok=true, minWireVersion=0, maxWireVersion=25, maxDocumentSize=16777216, logicalSessionTimeoutMinutes=30, roundTripTimeNanos=57726000, setName='atlas-b3ifmg-shard-0', canonicalAddress=ac-joduuzb-shard-00-01.xcn9ki4.mongodb.net:27017, hosts=[ac-joduuzb-shard-00-00.xcn9ki4.mongodb.net:27017, ac-joduuzb-shard-00-02.xcn9ki4.mongodb.net:27017, ac-joduuzb-shard-00-01.xcn9ki4.mongodb.net:27017], passives=[], arbiters=[], primary='ac-joduuzb-shard-00-01.xcn9ki4.mongodb.net:27017', tagSet=TagSet{[Tag{name='availabilityZone', value='aps1-az3'}, Tag{name='cacheState', value='READY'}, Tag{name='diskState', value='READY'}, Tag{name='nodeType', value='ELECTABLE'}, Tag{name='provider', value='AWS'}, Tag{name='region', value='AP_SOUTH_1'}, Tag{name='workloadType', value='OPERATIONAL'}]}, electionId=7fffffff0000000000000158, setVersion=315, topologyVersion=TopologyVersion{processId=6a32f37f94eaaad507c5e929, counter=6}, lastWriteDate=Mon Jun 22 18:50:31 IST 2026, lastUpdateTimeNanos=880400990397300}
2026-06-22 18:50:31 [cluster-ClusterId{value='6a392fc22c25e71eface52a8', description='null'}-ac-joduuzb-shard-00-01.xcn9ki4.mongodb.net:27017] INFO  org.mongodb.driver.cluster - Discovered replica set primary ac-joduuzb-shard-00-01.xcn9ki4.mongodb.net:27017
2026-06-22 18:50:31 [cluster-ClusterId{value='6a392fc22c25e71eface52a8', description='null'}-ac-joduuzb-shard-00-02.xcn9ki4.mongodb.net:27017] INFO  org.mongodb.driver.connection - Opened connection [connectionId{localValue:13, serverValue:275937}] to ac-joduuzb-shard-00-02.xcn9ki4.mongodb.net:27017
2026-06-22 18:50:31 [cluster-ClusterId{value='6a392fc22c25e71eface52a8', description='null'}-ac-joduuzb-shard-00-02.xcn9ki4.mongodb.net:27017] INFO  org.mongodb.driver.cluster - Monitor thread successfully connected to server with description ServerDescription{address=ac-joduuzb-shard-00-02.xcn9ki4.mongodb.net:27017, type=REPLICA_SET_SECONDARY, state=CONNECTED, ok=true, minWireVersion=0, maxWireVersion=25, maxDocumentSize=16777216, logicalSessionTimeoutMinutes=30, roundTripTimeNanos=57291600, setName='atlas-b3ifmg-shard-0', canonicalAddress=ac-joduuzb-shard-00-02.xcn9ki4.mongodb.net:27017, hosts=[ac-joduuzb-shard-00-00.xcn9ki4.mongodb.net:27017, ac-joduuzb-shard-00-02.xcn9ki4.mongodb.net:27017, ac-joduuzb-shard-00-01.xcn9ki4.mongodb.net:27017], passives=[], arbiters=[], primary='ac-joduuzb-shard-00-01.xcn9ki4.mongodb.net:27017', tagSet=TagSet{[Tag{name='availabilityZone', value='aps1-az2'}, Tag{name='cacheState', value='READY'}, Tag{name='diskState', value='READY'}, Tag{name='nodeType', value='ELECTABLE'}, Tag{name='provider', value='AWS'}, Tag{name='region', value='AP_SOUTH_1'}, Tag{name='workloadType', value='OPERATIONAL'}]}, electionId=null, setVersion=315, topologyVersion=TopologyVersion{processId=6a32f5e485b049e6c1125e03, counter=3}, lastWriteDate=Mon Jun 22 18:50:31 IST 2026, lastUpdateTimeNanos=880400998690600}
2026-06-22 18:50:38 [SpringApplicationShutdownHook] INFO  org.mongodb.driver.connection - Opened connection [connectionId{localValue:14, serverValue:317753}] to ac-joduuzb-shard-00-01.xcn9ki4.mongodb.net:27017
